// Jest Snapshot v1, https://goo.gl/fbAQLP

exports[`Question should match the snapshot 1`] = `
<div
  className="question-div"
>
  <div
    className="question-title-div"
  >
    <h2>
      flex-direction: row
    </h2>
    <p>
      If you included this property in your CSS, what image most closely resembles the result?
    </p>
  </div>
  <div
    className="question-img-div"
  >
    <img
      alt="https://i.imgur.com/Xo1MD86.png"
      className="answer-img"
      key="https://i.imgur.com/Xo1MD86.png"
      onClick={[MockFunction]}
      src="https://i.imgur.com/Xo1MD86.png"
    />
  </div>
</div>
`;
